{attribute,{0,0},file,{"fixtures/structured_comment.erl",0}}.

{attribute,{216,243},module,structured_comment}.

{function,{246,290},
          test,1,
          [{clause,{246,290},[{var,{251,252},'X'}],[],[{var,{289,290},'X'}]}]}.

{function,{293,342},
          test2,1,
          [{clause,{293,342},[{var,{299,300},'X'}],[],[{var,{341,342},'X'}]}]}.

{eof,{344,344}}.
